// Jest Snapshot v1, https://goo.gl/fbAQLP

exports[`Card component should match the snapshot 1`] = `
ShallowWrapper {
  "length": 1,
  Symbol(enzyme.__root__): [Circular],
  Symbol(enzyme.__unrendered__): <Unknown
    card={
        Object {
            "bottom_action": "Move 3 Push 1 ● ^(Target all adjacent enemies)",
            "card_level": 1,
            "class": "Brute",
            "created_at": "2018-06-01T22:34:26.644Z",
            "id": 1,
            "image_url": "./images/cards/Brute3.png",
            "initiative": 64,
            "name": "Sweeping Blow",
            "top_action": "Attack 2 ● Attack Pattern: 3 connected adjacent hexes, enhanceable to 4",
            "updated_at": "2018-06-01T22:34:26.644Z",
          }
    }
/>,
  Symbol(enzyme.__renderer__): Object {
    "batchedUpdates": [Function],
    "getNode": [Function],
    "render": [Function],
    "simulateEvent": [Function],
    "unmount": [Function],
  },
  Symbol(enzyme.__node__): Object {
    "instance": null,
    "key": undefined,
    "nodeType": "host",
    "props": Object {
      "className": "card",
      "draggable": "true",
      "id": undefined,
      "onDragEnd": [Function],
      "onDragStart": [Function],
      "style": Object {
        "backgroundImage": "url(undefined)",
      },
    },
    "ref": null,
    "rendered": null,
    "type": "div",
  },
  Symbol(enzyme.__nodes__): Array [
    Object {
      "instance": null,
      "key": undefined,
      "nodeType": "host",
      "props": Object {
        "className": "card",
        "draggable": "true",
        "id": undefined,
        "onDragEnd": [Function],
        "onDragStart": [Function],
        "style": Object {
          "backgroundImage": "url(undefined)",
        },
      },
      "ref": null,
      "rendered": null,
      "type": "div",
    },
  ],
  Symbol(enzyme.__options__): Object {
    "adapter": ReactSixteenAdapter {
      "options": Object {
        "enableComponentDidUpdateOnSetState": true,
      },
    },
  },
}
`;
